// Vitest Snapshot v1, https://vitest.dev/guide/snapshot.html

exports[`WhyChooseUs Component > matches snapshot 1`] = `
<DocumentFragment>
  <section
    class="why-choose-us-container"
    id="about-us"
  >
    <main
      class="container"
    >
      <section
        class="about-us-section"
      >
        <h2
          class="common-section-heading"
        >
          About Us
        </h2>
        <p
          class="about-us-text"
        >
          HoodsGoods is a vibrant marketplace connecting talented local artisans with conscious consumers who value handcrafted quality. Founded in 2020, our platform supports independent creators throughout South Africa, providing them with a digital space to showcase their unique skills and products. We believe that behind every handmade item is a story of passion, creativity, and craftsmanship. Our mission is to celebrate these stories while promoting sustainable shopping practices and supporting local economies. When you shop at HoodsGoods, you're not just buying a product - you're investing in a community of makers and the authentic art of handmade creation.
        </p>
      </section>
      <section
        class="why-choose-us-section"
      >
        <h2
          class="common-section-heading"
        >
          Why Choose Us?
        </h2>
        <ul
          class="selling-points-grid"
        >
          <li>
            <article
              class="selling-point-item"
            >
              <figure
                class="selling-point-icon"
              >
                <svg
                  fill="none"
                  height="50"
                  stroke="currentColor"
                  stroke-linecap="round"
                  stroke-linejoin="round"
                  stroke-width="2"
                  viewBox="0 0 24 24"
                  width="50"
                  xmlns="http://www.w3.org/2000/svg"
                >
                  <circle
                    cx="12"
                    cy="12"
                    r="10"
                  />
                  <polyline
                    points="12 6 12 12 16 14"
                  />
                </svg>
              </figure>
              <h3>
                Secure & Trusted Shopping
              </h3>
              <p>
                Shop with confidence. We use secure payment gateways and prioritize your privacy for a safe online experience.
              </p>
            </article>
          </li>
          <li>
            <article
              class="selling-point-item"
            >
              <figure
                class="selling-point-icon"
              >
                <svg
                  fill="none"
                  height="50"
                  stroke="currentColor"
                  stroke-linecap="round"
                  stroke-linejoin="round"
                  stroke-width="2"
                  viewBox="0 0 24 24"
                  width="50"
                  xmlns="http://www.w3.org/2000/svg"
                >
                  <path
                    d="M20.59 13.41l-7.17 7.17a2 2 0 0 1-2.83 0L2 12V2h10l8.59 8.59a2 2 0 0 1 0 2.82z"
                  />
                  <line
                    x1="7"
                    x2="7.01"
                    y1="7"
                    y2="7"
                  />
                </svg>
              </figure>
              <h3>
                Truly Handmade Treasures
              </h3>
              <p>
                Discover one-of-a-kind items crafted with passion and skill by talented artisans right here in South Africa.
              </p>
            </article>
          </li>
          <li>
            <article
              class="selling-point-item"
            >
              <figure
                class="selling-point-icon"
              >
                <svg
                  fill="none"
                  height="50"
                  stroke="currentColor"
                  stroke-linecap="round"
                  stroke-linejoin="round"
                  stroke-width="2"
                  viewBox="0 0 24 24"
                  width="50"
                  xmlns="http://www.w3.org/000/svg"
                >
                  <rect
                    height="18"
                    rx="2"
                    ry="2"
                    width="22"
                    x="1"
                    y="3"
                  />
                  <line
                    x1="1"
                    x2="23"
                    y1="10"
                    y2="10"
                  />
                </svg>
              </figure>
              <h3>
                Careful & Reliable Delivery
              </h3>
              <p>
                Your handmade items are packed with care and shipped reliably to your choice of pickup points. Choose the best delivery option for you at checkout.
              </p>
            </article>
          </li>
          <li>
            <article
              class="selling-point-item"
            >
              <figure
                class="selling-point-icon"
              >
                <svg
                  fill="none"
                  height="50"
                  stroke="currentColor"
                  stroke-linecap="round"
                  stroke-linejoin="round"
                  stroke-width="2"
                  viewBox="0 0 24 24"
                  width="50"
                  xmlns="http://www.w3.org/2000/svg"
                >
                  <line
                    x1="8"
                    x2="21"
                    y1="6"
                    y2="6"
                  />
                  <line
                    x1="8"
                    x2="21"
                    y1="12"
                    y2="12"
                  />
                  <line
                    x1="8"
                    x2="21"
                    y1="18"
                    y2="18"
                  />
                  <line
                    x1="3"
                    x2="3.01"
                    y1="6"
                    y2="6"
                  />
                  <line
                    x1="3"
                    x2="3.01"
                    y1="12"
                    y2="12"
                  />
                  <line
                    x1="3"
                    x2="3.01"
                    y1="18"
                    y2="18"
                  />
                </svg>
              </figure>
              <h3>
                Easy to Shop
              </h3>
              <p>
                Browse, discover, and buy with ease. Our clean, simple interface makes finding something special a breeze.
              </p>
            </article>
          </li>
        </ul>
      </section>
    </main>
  </section>
</DocumentFragment>
`;
